00:38:29  [es] Keys to translate: 193 / 8140
00:38:29  [pt] Keys to translate: 260 / 8140
00:38:29  [fr] Keys to translate: 155 / 8140
00:38:29  [de] Keys to translate: 51 / 8140
00:38:29  [nl] Keys to translate: 104 / 8140
00:38:29  [sv] Keys to translate: 384 / 8140
00:38:29  [it] Keys to translate: 104 / 8140
00:38:29  [zh] Keys to translate: 371 / 8140
00:38:29  [ja] Keys to translate: 494 / 8140
00:38:29  [ko] Keys to translate: 286 / 8140
00:38:29  [ms] Keys to translate: 167 / 8140
00:38:29  [id] Keys to translate: 310 / 8140
00:38:29  [th] Keys to translate: 643 / 8140
00:38:29  [es] Started 2 translation threads
00:38:29  [pt] Started 2 translation threads
00:38:29  [fr] Started 2 translation threads
00:38:29  [de] Started 2 translation threads
00:38:29  [nl] Started 2 translation threads
00:38:29  [sv] Started 2 translation threads
00:38:30  [it] Started 2 translation threads
00:38:30  [zh] Started 2 translation threads
00:38:30  [ja] Started 2 translation threads
00:38:30  [ko] Started 2 translation threads
00:38:30  [ms] Started 2 translation threads
00:38:30  [id] Started 2 translation threads
00:38:30  [th] Started 2 translation threads
00:39:11  [pt] Progress: 50/260 (19%)
00:39:11  [de] Progress: 50/51 (98%)
00:39:13  [fr] Progress: 51/155 (32%)
00:39:14  [ms] Progress: 51/167 (30%)
00:39:17  [es] Progress: 51/193 (26%)
00:39:19  [nl] Progress: 50/104 (48%)
00:39:19  [sv] Progress: 50/384 (13%)
00:39:21  [de] DONE — 51 keys translated. Total keys: 8140
00:39:22  [it] Progress: 52/104 (50%)
00:39:22  [ja] Progress: 50/494 (10%)
00:39:26  [zh] Progress: 52/371 (14%)
00:39:26  [id] Progress: 50/310 (16%)
00:39:28  [th] Progress: 51/643 (7%)
00:39:34  [ko] Progress: 50/286 (17%)
00:39:57  [pt] Progress: 100/260 (38%)
00:39:59  [es] Progress: 101/193 (52%)
00:39:59  [fr] Progress: 101/155 (65%)
00:39:59  [nl] Progress: 101/104 (97%)
00:40:02  [sv] Progress: 101/384 (26%)
00:40:02  [it] Progress: 102/104 (98%)
00:40:06  [ms] Progress: 101/167 (60%)
00:40:08  [id] Progress: 100/310 (32%)
00:40:08  [it] DONE — 104 keys translated. Total keys: 8140
00:40:14  [nl] DONE — 104 keys translated. Total keys: 8140
00:40:20  [th] Progress: 102/643 (15%)
00:40:22  [ja] Progress: 101/494 (20%)
00:40:26  [ko] Progress: 101/286 (35%)
00:40:30  [zh] Progress: 102/371 (27%)
00:40:36  [pt] Progress: 150/260 (57%)
00:40:37  [es] Progress: 151/193 (78%)
00:40:39  [fr] Progress: 151/155 (97%)
00:40:48  [ms] Progress: 152/167 (91%)
00:40:48  [id] Progress: 151/310 (48%)
00:40:49  [fr] DONE — 155 keys translated. Total keys: 8140
00:41:10  [ms] DONE — 167 keys translated. Total keys: 8140
00:41:16  [th] Progress: 153/643 (23%)
00:41:18  [pt] Progress: 202/260 (77%)
00:41:18  [ko] Progress: 152/286 (53%)
00:41:18  [es] DONE — 193 keys translated. Total keys: 8140
00:41:20  [zh] Progress: 153/371 (41%)
00:41:20  [ja] Progress: 151/494 (30%)
00:41:28  [id] Progress: 201/310 (64%)
00:41:32  [sv] Progress: 151/384 (39%)
00:41:56  [pt] Progress: 252/260 (96%)
00:42:08  [th] Progress: 203/643 (31%)
00:42:08  [pt] DONE — 260 keys translated. Total keys: 8140
00:42:10  [ko] Progress: 202/286 (70%)
00:42:12  [zh] Progress: 204/371 (54%)
00:42:14  [id] Progress: 253/310 (81%)
00:42:18  [ja] Progress: 203/494 (41%)
00:42:52  [id] Progress: 304/310 (98%)
00:42:56  [zh] Progress: 255/371 (68%)
00:42:56  [ko] Progress: 252/286 (88%)
00:43:02  [th] Progress: 253/643 (39%)
00:43:03  [id] DONE — 310 keys translated. Total keys: 8140
00:43:06  [sv] Progress: 201/384 (52%)
00:43:18  [ja] Progress: 254/494 (51%)
00:43:35  [ko] DONE — 286 keys translated. Total keys: 8140
00:43:46  [zh] Progress: 305/371 (82%)
00:44:02  [th] Progress: 305/643 (47%)
00:44:10  [ja] Progress: 305/494 (61%)
00:44:30  [zh] Progress: 355/371 (95%)
00:44:58  [th] Progress: 355/643 (55%)
00:45:04  [ja] Progress: 355/494 (71%)
00:45:06  [zh] DONE — 371 keys translated. Total keys: 8140
00:45:54  [th] Progress: 405/643 (62%)
00:46:00  [ja] Progress: 405/494 (81%)
00:46:42  [th] Progress: 455/643 (70%)
00:46:50  [ja] Progress: 455/494 (92%)
00:47:38  [th] Progress: 506/643 (78%)
00:47:38  [ja] DONE — 494 keys translated. Total keys: 8140
00:48:30  [th] Progress: 557/643 (86%)
00:49:20  [th] Progress: 609/643 (94%)
00:50:03  [th] DONE — 643 keys translated. Total keys: 8140
