English keys:  4280
Languages:     ['ar', 'es', 'pt', 'fr', 'de', 'nl', 'sv', 'it', 'zh', 'ja', 'ko', 'ms', 'id', 'th']
Lang workers:  14
Threads/lang:  8
Force:         True

▶ Started: ar (PID 221544)
▶ Started: es (PID 221545)
▶ Started: pt (PID 221546)
16:05:37  [ar] Keys to translate: 191 / 4280
16:05:37  [es] Keys to translate: 180 / 4280
▶ Started: fr (PID 221547)
16:05:37  [pt] Keys to translate: 195 / 4280
▶ Started: de (PID 221552)
16:05:37  [fr] Keys to translate: 201 / 4280
▶ Started: nl (PID 221555)
16:05:37  [de] Keys to translate: 199 / 4280
▶ Started: sv (PID 221558)
16:05:37  [nl] Keys to translate: 202 / 4280
▶ Started: it (PID 221561)
16:05:37  [sv] Keys to translate: 193 / 4280
▶ Started: zh (PID 221564)
16:05:37  [it] Keys to translate: 197 / 4280
▶ Started: ja (PID 221567)
16:05:37  [zh] Keys to translate: 187 / 4280
▶ Started: ko (PID 221570)
16:05:37  [ja] Keys to translate: 156 / 4280
▶ Started: ms (PID 221573)
16:05:37  [ko] Keys to translate: 193 / 4280
▶ Started: id (PID 221576)
16:05:37  [ms] Keys to translate: 197 / 4280
▶ Started: th (PID 221579)
16:05:37  [id] Keys to translate: 198 / 4280
16:05:37  [th] Keys to translate: 191 / 4280
16:05:39  [ar] Started 8 translation threads
16:05:39  [es] Started 8 translation threads
16:05:39  [pt] Started 8 translation threads
16:05:39  [fr] Started 8 translation threads
16:05:39  [de] Started 8 translation threads
16:05:39  [nl] Started 8 translation threads
16:05:39  [sv] Started 8 translation threads
16:05:39  [it] Started 8 translation threads
16:05:39  [zh] Started 8 translation threads
16:05:39  [ja] Started 8 translation threads
16:05:39  [ko] Started 8 translation threads
16:05:39  [ms] Started 8 translation threads
16:05:39  [id] Started 8 translation threads
16:05:39  [th] Started 8 translation threads
16:05:55  [th] Progress: 52/191 (27%)
16:05:57  [ar] Progress: 57/191 (29%)
16:05:57  [ko] Progress: 51/193 (26%)
16:05:59  [ja] Progress: 55/156 (35%)
16:06:01  [zh] Progress: 55/187 (29%)
16:06:03  [sv] Progress: 52/193 (26%)
16:06:05  [pt] Progress: 57/195 (29%)
16:06:07  [th] Progress: 102/191 (53%)
16:06:09  [ar] Progress: 114/191 (59%)
16:06:09  [es] Progress: 56/180 (31%)
16:06:09  [it] Progress: 54/197 (27%)
16:06:09  [ko] Progress: 104/193 (53%)
16:06:09  [ms] Progress: 54/197 (27%)
16:06:11  [ja] Progress: 106/156 (67%)
16:06:13  [de] Progress: 50/199 (25%)
16:06:13  [id] Progress: 52/198 (26%)
16:06:15  [pt] Progress: 108/195 (55%)
16:06:15  [fr] Progress: 51/201 (25%)
16:06:15  [sv] Progress: 105/193 (54%)
16:06:15  [zh] Progress: 106/187 (56%)
16:06:19  [it] Progress: 107/197 (54%)
16:06:19  [ms] Progress: 111/197 (56%)
16:06:19  [th] Progress: 158/191 (82%)
16:06:21  [ar] Progress: 164/191 (85%)
16:06:21  [es] Progress: 110/180 (61%)
16:06:21  [nl] Progress: 50/202 (24%)
16:06:21  [ko] Progress: 157/193 (81%)
16:06:23  [ja] Progress: 156/156 (100%)
16:06:25  [ja] DONE — 156 keys translated. Total keys: 4280
16:06:25  [id] Progress: 102/198 (51%)
■ Done: ja [✓]
16:06:27  [pt] Progress: 167/195 (85%)
16:06:27  [sv] Progress: 161/193 (83%)
16:06:29  [fr] Progress: 102/201 (50%)
16:06:29  [de] Progress: 106/199 (53%)
16:06:29  [zh] Progress: 165/187 (88%)
16:06:31  [it] Progress: 167/197 (84%)
16:06:31  [ms] Progress: 170/197 (86%)
16:06:33  [es] Progress: 168/180 (93%)
16:06:35  [id] Progress: 152/198 (76%)
16:06:37  [nl] Progress: 106/202 (52%)
16:06:41  [fr] Progress: 159/201 (79%)
16:06:41  [de] Progress: 162/199 (81%)
16:06:41  [pt] DONE — 195 keys translated. Total keys: 4280
16:06:42  [ko] DONE — 193 keys translated. Total keys: 4280
■ Done: pt [✓]
■ Done: ko [✓]
16:06:44  [ar] DONE — 191 keys translated. Total keys: 4280
16:06:44  [th] DONE — 191 keys translated. Total keys: 4280
16:06:45  [es] DONE — 180 keys translated. Total keys: 4280
■ Done: ar [✓]
■ Done: es [✓]
■ Done: th [✓]
16:06:48  [sv] DONE — 193 keys translated. Total keys: 4280
16:06:48  [it] DONE — 197 keys translated. Total keys: 4280
■ Done: sv [✓]
■ Done: it [✓]
16:06:51  [nl] Progress: 161/202 (79%)
16:06:51  [ms] DONE — 197 keys translated. Total keys: 4280
■ Done: ms [✓]
16:06:59  [de] DONE — 199 keys translated. Total keys: 4280
16:06:59  [id] DONE — 198 keys translated. Total keys: 4280
■ Done: de [✓]
■ Done: id [✓]
16:07:03  [fr] DONE — 201 keys translated. Total keys: 4280
■ Done: fr [✓]
16:07:18  [nl] DONE — 202 keys translated. Total keys: 4280
■ Done: nl [✓]
